127.0.0.1 - - [26/Oct/2022:09:45:50 +0900] "GET / HTTP/1.1" 404 807
0:0:0:0:0:0:0:1 - - [26/Oct/2022:09:46:00 +0900] "GET /mvc2/ HTTP/1.1" 200 11
0:0:0:0:0:0:0:1 - - [26/Oct/2022:09:46:00 +0900] "GET /favicon.ico HTTP/1.1" 404 818
127.0.0.1 - - [26/Oct/2022:09:46:26 +0900] "GET / HTTP/1.1" 404 807
0:0:0:0:0:0:0:1 - - [26/Oct/2022:09:46:30 +0900] "GET /mvc2/ HTTP/1.1" 404 721
0:0:0:0:0:0:0:1 - - [26/Oct/2022:09:47:59 +0900] "GET /mvc2/hello HTTP/1.1" 200 11
127.0.0.1 - - [26/Oct/2022:10:48:55 +0900] "GET / HTTP/1.1" 404 807
0:0:0:0:0:0:0:1 - - [26/Oct/2022:10:49:05 +0900] "GET /mvc2/now HTTP/1.1" 200 16
127.0.0.1 - - [26/Oct/2022:10:51:44 +0900] "GET / HTTP/1.1" 404 807
0:0:0:0:0:0:0:1 - - [26/Oct/2022:10:51:48 +0900] "GET /mvc2/now HTTP/1.1" 200 35
0:0:0:0:0:0:0:1 - - [26/Oct/2022:11:01:38 +0900] "GET /mvc2/hello/100 HTTP/1.1" 200 38
0:0:0:0:0:0:0:1 - - [26/Oct/2022:11:01:46 +0900] "GET /mvc2/hello/7 HTTP/1.1" 200 36
127.0.0.1 - - [26/Oct/2022:12:07:24 +0900] "GET / HTTP/1.1" 404 807
0:0:0:0:0:0:0:1 - - [26/Oct/2022:12:07:35 +0900] "GET /mvc2/hello/123 HTTP/1.1" 200 19
0:0:0:0:0:0:0:1 - - [26/Oct/2022:12:09:11 +0900] "GET /mvc2/hello/123 HTTP/1.1" 200 20
0:0:0:0:0:0:0:1 - - [26/Oct/2022:12:09:14 +0900] "GET /mvc2/hello/123 HTTP/1.1" 200 20
127.0.0.1 - - [26/Oct/2022:12:09:45 +0900] "GET / HTTP/1.1" 404 807
0:0:0:0:0:0:0:1 - - [26/Oct/2022:12:09:49 +0900] "GET /mvc2/hello/123 HTTP/1.1" 200 20
0:0:0:0:0:0:0:1 - - [26/Oct/2022:12:10:17 +0900] "GET /mvc2/hello/123 HTTP/1.1" 200 20
0:0:0:0:0:0:0:1 - - [26/Oct/2022:12:10:17 +0900] "GET /favicon.ico HTTP/1.1" 404 818
127.0.0.1 - - [26/Oct/2022:12:10:58 +0900] "GET / HTTP/1.1" 404 807
0:0:0:0:0:0:0:1 - - [26/Oct/2022:12:11:01 +0900] "GET /mvc2/hello/123 HTTP/1.1" 200 22
0:0:0:0:0:0:0:1 - - [26/Oct/2022:12:19:14 +0900] "GET /mvc2/hello/100 HTTP/1.1" 200 21
0:0:0:0:0:0:0:1 - - [26/Oct/2022:12:19:34 +0900] "GET /mvc2/hello/100 HTTP/1.1" 200 20
127.0.0.1 - - [26/Oct/2022:13:42:29 +0900] "GET / HTTP/1.1" 404 807
0:0:0:0:0:0:0:1 - - [26/Oct/2022:13:42:37 +0900] "GET /mvc2/msg HTTP/1.1" 200 145
0:0:0:0:0:0:0:1 - - [26/Oct/2022:13:49:27 +0900] "GET /mvc2/msg HTTP/1.1" 200 167
127.0.0.1 - - [26/Oct/2022:13:52:50 +0900] "GET / HTTP/1.1" 404 807
0:0:0:0:0:0:0:1 - - [26/Oct/2022:13:52:54 +0900] "GET /mvc2/msg HTTP/1.1" 404 829
127.0.0.1 - - [26/Oct/2022:13:53:39 +0900] "GET / HTTP/1.1" 404 807
0:0:0:0:0:0:0:1 - - [26/Oct/2022:13:53:43 +0900] "GET /mvc2/msg HTTP/1.1" 200 167
127.0.0.1 - - [26/Oct/2022:14:02:11 +0900] "GET / HTTP/1.1" 404 807
0:0:0:0:0:0:0:1 - - [26/Oct/2022:14:02:19 +0900] "GET /mvc2/msg HTTP/1.1" 200 166
127.0.0.1 - - [26/Oct/2022:14:47:41 +0900] "GET / HTTP/1.1" 404 807
0:0:0:0:0:0:0:1 - - [26/Oct/2022:14:47:47 +0900] "GET /mvc2/now2 HTTP/1.1" 200 199
127.0.0.1 - - [26/Oct/2022:14:58:36 +0900] "GET / HTTP/1.1" 404 807
0:0:0:0:0:0:0:1 - - [26/Oct/2022:14:58:39 +0900] "GET /mvc2/now2 HTTP/1.1" 200 200
0:0:0:0:0:0:0:1 - - [26/Oct/2022:15:01:24 +0900] "GET /mvc2/now2 HTTP/1.1" 200 288
0:0:0:0:0:0:0:1 - - [26/Oct/2022:15:01:34 +0900] "GET /mvc2/now2 HTTP/1.1" 200 288
0:0:0:0:0:0:0:1 - - [26/Oct/2022:15:01:51 +0900] "GET /mvc2/now2 HTTP/1.1" 200 288
0:0:0:0:0:0:0:1 - - [26/Oct/2022:15:02:05 +0900] "GET /mvc2/now2 HTTP/1.1" 200 288
0:0:0:0:0:0:0:1 - - [26/Oct/2022:15:02:24 +0900] "GET /mvc2/now2 HTTP/1.1" 200 286
0:0:0:0:0:0:0:1 - - [26/Oct/2022:15:03:07 +0900] "GET /mvc2/now2 HTTP/1.1" 200 290
0:0:0:0:0:0:0:1 - - [26/Oct/2022:15:03:46 +0900] "GET /mvc2/now2 HTTP/1.1" 200 288
127.0.0.1 - - [26/Oct/2022:15:35:32 +0900] "GET / HTTP/1.1" 404 807
0:0:0:0:0:0:0:1 - - [26/Oct/2022:15:35:40 +0900] "GET /mvc2/emplist HTTP/1.1" 200 6899
127.0.0.1 - - [26/Oct/2022:15:50:38 +0900] "GET / HTTP/1.1" 404 807
0:0:0:0:0:0:0:1 - - [26/Oct/2022:15:50:43 +0900] "GET /mvc2/emplist HTTP/1.1" 500 3869
127.0.0.1 - - [26/Oct/2022:15:51:30 +0900] "GET / HTTP/1.1" 404 807
0:0:0:0:0:0:0:1 - - [26/Oct/2022:15:51:34 +0900] "GET /mvc2/emplist HTTP/1.1" 200 6899
127.0.0.1 - - [26/Oct/2022:16:20:39 +0900] "GET / HTTP/1.1" 404 807
0:0:0:0:0:0:0:1 - - [26/Oct/2022:16:20:43 +0900] "GET /mvc2/emplist HTTP/1.1" 200 6899
127.0.0.1 - - [26/Oct/2022:16:46:01 +0900] "GET / HTTP/1.1" 404 807
0:0:0:0:0:0:0:1 - - [26/Oct/2022:16:46:08 +0900] "GET /mvc2/empadd HTTP/1.1" 200 369
127.0.0.1 - - [26/Oct/2022:17:13:01 +0900] "GET / HTTP/1.1" 404 807
0:0:0:0:0:0:0:1 - - [26/Oct/2022:17:13:09 +0900] "POST /mvc2/empadd_ok HTTP/1.1" 500 12947
127.0.0.1 - - [26/Oct/2022:17:16:48 +0900] "GET / HTTP/1.1" 404 807
0:0:0:0:0:0:0:1 - - [26/Oct/2022:17:16:52 +0900] "GET /mvc2/empadd HTTP/1.1" 200 423
0:0:0:0:0:0:0:1 - - [26/Oct/2022:17:17:18 +0900] "POST /mvc2/empadd_ok HTTP/1.1" 302 -
0:0:0:0:0:0:0:1 - - [26/Oct/2022:17:17:19 +0900] "GET /mvc2/emplist HTTP/1.1" 200 6957
127.0.0.1 - - [26/Oct/2022:17:46:55 +0900] "GET / HTTP/1.1" 404 807
0:0:0:0:0:0:0:1 - - [26/Oct/2022:17:47:04 +0900] "GET /mvc2/empadd HTTP/1.1" 200 423
0:0:0:0:0:0:0:1 - - [26/Oct/2022:17:49:42 +0900] "POST /mvc2/empadd_ok HTTP/1.1" 302 -
0:0:0:0:0:0:0:1 - - [26/Oct/2022:17:49:42 +0900] "GET /mvc2/emplist HTTP/1.1" 200 7016
0:0:0:0:0:0:0:1 - - [26/Oct/2022:17:50:28 +0900] "POST /mvc2/empadd_ok HTTP/1.1" 302 -
0:0:0:0:0:0:0:1 - - [26/Oct/2022:17:50:28 +0900] "GET /mvc2/emplist HTTP/1.1" 200 7083
127.0.0.1 - - [26/Oct/2022:17:52:24 +0900] "GET / HTTP/1.1" 404 807
0:0:0:0:0:0:0:1 - - [26/Oct/2022:17:53:17 +0900] "POST /mvc2/empadd_ok HTTP/1.1" 302 -
0:0:0:0:0:0:0:1 - - [26/Oct/2022:17:53:17 +0900] "GET /mvc2/emplist HTTP/1.1" 200 7142
